 LOGS          |only
 bin           |only
 case35.pat    |only
 case35.ref    |only
 case35R.ref   |only
 case35Rp0.ref |only
 case35b.ref   |only
 case35f0.ref  |only
 case35k.ref   |only
 case35p1.ref  |only
 case35p9.ref  |only
 case35r1.ref  |only
 case35r2.ref  |only
 case35u.ref   |only
 case36.pat    |only
 case36.ref    |only
 case36R.ref   |only
 case36Rp0.ref |only
 case36b.ref   |only
 case36f0.ref  |only
 case36k.ref   |only
 case36p1.ref  |only
 case36p9.ref  |only
 case36r1.ref  |only
 case36r2.ref  |only
 case36u.ref   |only
 check.out     |only
 config.log    |differ
 configure.out |differ
 diffstat      |differ
 diffstat.c    |differ
 diffstat.o    |differ
 makefile      |differ
 33 files changed
