 diffstat-1.56+/config.log           |differ
 diffstat-1.56+/configure.out        |differ
 diffstat-1.56+/diffstat             |differ
 diffstat-1.56+/diffstat.c           |differ
 diffstat-1.56+/diffstat.o           |differ
 diffstat-1.56+/makefile             |differ
 diffstat-1.57/LOGS                  |only
 diffstat-1.57/bin                   |only
 diffstat-1.57/check.out             |only
 diffstat-1.57/testing/case35.pat    |only
 diffstat-1.57/testing/case35.ref    |only
 diffstat-1.57/testing/case35R.ref   |only
 diffstat-1.57/testing/case35Rp0.ref |only
 diffstat-1.57/testing/case35b.ref   |only
 diffstat-1.57/testing/case35f0.ref  |only
 diffstat-1.57/testing/case35k.ref   |only
 diffstat-1.57/testing/case35p1.ref  |only
 diffstat-1.57/testing/case35p9.ref  |only
 diffstat-1.57/testing/case35r1.ref  |only
 diffstat-1.57/testing/case35r2.ref  |only
 diffstat-1.57/testing/case35u.ref   |only
 diffstat-1.57/testing/case36.pat    |only
 diffstat-1.57/testing/case36.ref    |only
 diffstat-1.57/testing/case36R.ref   |only
 diffstat-1.57/testing/case36Rp0.ref |only
 diffstat-1.57/testing/case36b.ref   |only
 diffstat-1.57/testing/case36f0.ref  |only
 diffstat-1.57/testing/case36k.ref   |only
 diffstat-1.57/testing/case36p1.ref  |only
 diffstat-1.57/testing/case36p9.ref  |only
 diffstat-1.57/testing/case36r1.ref  |only
 diffstat-1.57/testing/case36r2.ref  |only
 diffstat-1.57/testing/case36u.ref   |only
 33 files changed
