 LOGS                  |only
 bin                   |only
 check.out             |only
 config.log            |differ
 configure.out         |differ
 diffstat              |differ
 diffstat.c            |differ
 diffstat.o            |differ
 makefile              |differ
 testing/case35.pat    |only
 testing/case35.ref    |only
 testing/case35R.ref   |only
 testing/case35Rp0.ref |only
 testing/case35b.ref   |only
 testing/case35f0.ref  |only
 testing/case35k.ref   |only
 testing/case35p1.ref  |only
 testing/case35p9.ref  |only
 testing/case35r1.ref  |only
 testing/case35r2.ref  |only
 testing/case35u.ref   |only
 testing/case36.pat    |only
 testing/case36.ref    |only
 testing/case36R.ref   |only
 testing/case36Rp0.ref |only
 testing/case36b.ref   |only
 testing/case36f0.ref  |only
 testing/case36k.ref   |only
 testing/case36p1.ref  |only
 testing/case36p9.ref  |only
 testing/case36r1.ref  |only
 testing/case36r2.ref  |only
 testing/case36u.ref   |only
 33 files changed
